[0m00:10:46.314873 [debug] [MainThread]: Sending event: {'category': 'dbt', 'action': 'invocation', 'label': 'start', 'context': [<snowplow_tracker.self_describing_json.SelfDescribingJson object at 0x0000028F9E44F4D0>, <snowplow_tracker.self_describing_json.SelfDescribingJson object at 0x0000028F9CB77C50>, <snowplow_tracker.self_describing_json.SelfDescribingJson object at 0x0000028FA2773890>]}


============================== 00:10:46.408866 | e3be5cfe-d336-46a1-92eb-04afc4559138 ==============================
[0m00:10:46.408866 [info ] [MainThread]: Running with dbt=1.12.2
[0m00:10:46.409754 [debug] [MainThread]: running dbt with arguments {'version_check': 'True', 'no_print': 'None', 'maximum_seed_size_mib': '1', 'target_path': 'None', 'warn_error_options': 'WarnErrorOptionsV2(error=[], warn=[], silence=[])', 'static_parser': 'True', 'printer_width': '80', 'write_json': 'True', 'empty': 'None', 'log_cache_events': 'False', 'introspect': 'True', 'cache_selected_only': 'False', 'fail_fast': 'False', 'debug': 'False', 'log_format': 'default', 'partial_parse': 'True', 'send_anonymous_usage_stats': 'True', 'quiet': 'False', 'warn_error': 'None', 'profiles_dir': 'C:\\Users\\admin\\.dbt', 'indirect_selection': 'eager', 'hints_enabled': 'True', 'use_colors': 'True', 'use_experimental_parser': 'False', 'invocation_command': 'dbt init', 'log_path': 'logs'}
[0m00:10:46.540089 [info ] [MainThread]: Creating dbt configuration folder at C:\Users\admin\.dbt
[0m00:11:16.172081 [debug] [MainThread]: Starter project path: C:\Users\admin\Documents\A_DBT\hr_analytics_dbt\.venv\Lib\site-packages\dbt\include\starter_project
[0m00:11:16.217561 [info ] [MainThread]: Setting up your profile.
[0m00:11:59.670313 [debug] [MainThread]: Snowflake adapter: Setting snowflake.connector to ERROR (file logging only)
[0m00:11:59.671217 [debug] [MainThread]: Snowflake adapter: Setting botocore to ERROR (file logging only)
[0m00:11:59.671900 [debug] [MainThread]: Snowflake adapter: Setting boto3 to ERROR (file logging only)
[0m00:27:50.100992 [info ] [MainThread]: Profile dbt_hr_analytics written to C:\Users\admin\.dbt\profiles.yml using target's profile_template.yml and your supplied values.
[0m00:27:50.157287 [info ] [MainThread]: Running dbt debug to validate the project...
[0m00:27:50.158629 [info ] [MainThread]: dbt version: 1.12.2
[0m00:27:50.160406 [info ] [MainThread]: python version: 3.14.7
[0m00:27:50.161438 [info ] [MainThread]: python path: C:\Users\admin\Documents\A_DBT\hr_analytics_dbt\.venv\Scripts\python.exe
[0m00:27:50.162288 [info ] [MainThread]: os info: Windows-11-10.0.22621-SP0
[0m00:27:50.305024 [info ] [MainThread]: Using profiles dir at C:\Users\admin\.dbt
[0m00:27:50.305689 [info ] [MainThread]: Using profiles.yml file at C:\Users\admin\.dbt\profiles.yml
[0m00:27:50.306278 [info ] [MainThread]: Using dbt_project.yml file at C:\Users\admin\Documents\A_DBT\hr_analytics_dbt\dbt_hr_analytics\dbt_project.yml
[0m00:27:50.323697 [info ] [MainThread]: adapter type: snowflake
[0m00:27:50.325056 [info ] [MainThread]: adapter version: 1.12.0
[0m00:27:50.549833 [info ] [MainThread]: Configuration:
[0m00:27:50.550547 [info ] [MainThread]:   profiles.yml file [[32mOK found and valid[0m]
[0m00:27:50.551091 [info ] [MainThread]:   dbt_project.yml file [[32mOK found and valid[0m]
[0m00:27:50.551624 [info ] [MainThread]: Required dependencies:
[0m00:27:50.552173 [debug] [MainThread]: Executing "git --help"
[0m00:27:50.642300 [debug] [MainThread]: STDOUT: "b"usage: git [-v | --version] [-h | --help] [-C <path>] [-c <name>=<value>]\n           [--exec-path[=<path>]] [--html-path] [--man-path] [--info-path]\n           [-p | --paginate | -P | --no-pager] [--no-replace-objects] [--no-lazy-fetch]\n           [--no-optional-locks] [--no-advice] [--bare] [--git-dir=<path>]\n           [--work-tree=<path>] [--namespace=<name>] [--config-env=<name>=<envvar>]\n           <command> [<args>]\n\nThese are common Git commands used in various situations:\n\nstart a working area (see also: git help tutorial)\n   clone      Clone a repository into a new directory\n   init       Create an empty Git repository or reinitialize an existing one\n\nwork on the current change (see also: git help everyday)\n   add        Add file contents to the index\n   mv         Move or rename a file, a directory, or a symlink\n   restore    Restore working tree files\n   rm         Remove files from the working tree and from the index\n\nexamine the history and state (see also: git help revisions)\n   bisect     Use binary search to find the commit that introduced a bug\n   diff       Show changes between commits, commit and working tree, etc\n   grep       Print lines matching a pattern\n   log        Show commit logs\n   show       Show various types of objects\n   status     Show the working tree status\n\ngrow, mark and tweak your common history\n   backfill   Download missing objects in a partial clone\n   branch     List, create, or delete branches\n   commit     Record changes to the repository\n   history    EXPERIMENTAL: Rewrite history\n   merge      Join two or more development histories together\n   rebase     Reapply commits on top of another base tip\n   reset      Set `HEAD` or the index to a known state\n   switch     Switch branches\n   tag        Create, list, delete or verify tags\n\ncollaborate (see also: git help workflows)\n   fetch      Download objects and refs from another repository\n   pull       Fetch from and integrate with another repository or a local branch\n   push       Update remote refs along with associated objects\n\n'git help -a' and 'git help -g' list available subcommands and some\nconcept guides. See 'git help <command>' or 'git help <concept>'\nto read about a specific subcommand or concept.\nSee 'git help git' for an overview of the system.\n""
[0m00:27:50.643240 [debug] [MainThread]: STDERR: "b''"
[0m00:27:50.643861 [info ] [MainThread]:  - git [[32mOK found[0m]

[0m00:27:50.644550 [info ] [MainThread]: Connection:
[0m00:27:50.645269 [info ] [MainThread]:   account: FZTZWLY-IJB92939
[0m00:27:50.645972 [info ] [MainThread]:   user: dbtuser
[0m00:27:50.646640 [info ] [MainThread]:   database: HR_ANALYTICS
[0m00:27:50.647310 [info ] [MainThread]:   warehouse: COMPUTE_WH
[0m00:27:50.647908 [info ] [MainThread]:   role: DBTROLE
[0m00:27:50.648576 [info ] [MainThread]:   schema: STAGING
[0m00:27:50.649253 [info ] [MainThread]:   authenticator: None
[0m00:27:50.650195 [info ] [MainThread]:   oauth_client_id: None
[0m00:27:50.651269 [info ] [MainThread]:   query_tag: None
[0m00:27:50.652139 [info ] [MainThread]:   client_session_keep_alive: False
[0m00:27:50.653063 [info ] [MainThread]:   host: None
[0m00:27:50.654087 [info ] [MainThread]:   port: None
[0m00:27:50.655039 [info ] [MainThread]:   proxy_host: None
[0m00:27:50.656102 [info ] [MainThread]:   proxy_port: None
[0m00:27:50.657038 [info ] [MainThread]:   protocol: None
[0m00:27:50.657843 [info ] [MainThread]:   connect_retries: 1
[0m00:27:50.658724 [info ] [MainThread]:   connect_timeout: None
[0m00:27:50.659622 [info ] [MainThread]:   retry_on_database_errors: False
[0m00:27:50.660611 [info ] [MainThread]:   retry_all: False
[0m00:27:50.661539 [info ] [MainThread]:   insecure_mode: False
[0m00:27:50.662453 [info ] [MainThread]:   reuse_connections: True
[0m00:27:50.663566 [info ] [MainThread]:   s3_stage_vpce_dns_name: None
[0m00:27:50.664445 [info ] [MainThread]:   workload_identity_provider: None
[0m00:27:50.665111 [info ] [MainThread]:   workload_identity_entra_resource: None
[0m00:27:50.665685 [info ] [MainThread]:   platform_detection_timeout_seconds: 0.0
[0m00:27:50.666688 [info ] [MainThread]: Registered adapter: snowflake=1.12.0
[0m00:27:51.326057 [debug] [MainThread]: Acquiring new snowflake connection 'debug'
[0m00:27:51.365387 [debug] [MainThread]: Using snowflake connection "debug"
[0m00:27:51.366164 [debug] [MainThread]: On debug: select 1 as id
[0m00:27:51.366724 [debug] [MainThread]: Opening a new connection, currently in state init
[0m00:27:54.711860 [debug] [MainThread]: SQL status: SUCCESS 1 in 3.345 seconds
[0m00:27:54.713230 [info ] [MainThread]:   Connection test: [[32mOK connection ok[0m]

[0m00:27:54.713943 [info ] [MainThread]: [32mAll checks passed![0m
[0m00:27:54.714621 [info ] [MainThread]: Your new dbt project "dbt_hr_analytics" was created!
Initialized new project in C:\Users\admin\Documents\A_DBT\hr_analytics_dbt\dbt_hr_analytics\dbt_hr_analytics

For more information on how to configure the profiles.yml file,
please consult the dbt documentation here:

  https://docs.getdbt.com/docs/configure-your-profile

One more thing:

Need help? Don't hesitate to reach out to us via GitHub issues or on Slack:

  https://community.getdbt.com/

Happy modeling!

[0m00:27:54.716362 [debug] [MainThread]: Command `dbt init` succeeded at 00:27:54.716148 after 1028.80 seconds
[0m00:27:54.716886 [debug] [MainThread]: Connection 'debug' was left open.
[0m00:27:54.717323 [debug] [MainThread]: On debug: Close
[0m00:27:55.427555 [debug] [MainThread]: Sending event: {'category': 'dbt', 'action': 'invocation', 'label': 'end', 'context': [<snowplow_tracker.self_describing_json.SelfDescribingJson object at 0x0000028FA0BF2FD0>, <snowplow_tracker.self_describing_json.SelfDescribingJson object at 0x0000028FA5089FD0>, <snowplow_tracker.self_describing_json.SelfDescribingJson object at 0x0000028FA5002E00>]}
[0m00:27:55.428279 [debug] [MainThread]: Flushing usage events
[0m00:27:56.457664 [debug] [MainThread]: An error was encountered while trying to flush usage events
